Versión de MSBuild 17.8.49+7806cbf7b para .NET
  Determining projects to restore...
  All projects are up-to-date for restore.
  Payment.Domain -> /home/jostin-alvarado/dev/ticketing_project_week0/services/payment/src/Payment.Domain/bin/Debug/net8.0/Payment.Domain.dll
  Payment.Application -> /home/jostin-alvarado/dev/ticketing_project_week0/services/payment/src/Payment.Application/bin/Debug/net8.0/Payment.Application.dll
  Payment.Infrastructure -> /home/jostin-alvarado/dev/ticketing_project_week0/services/payment/src/Payment.Infrastructure/bin/Debug/net8.0/Payment.Infrastructure.dll

Compilación correcta.
    0 Advertencia(s)
    0 Errores

Tiempo transcurrido 00:00:00.97
Versión de MSBuild 17.8.49+7806cbf7b para .NET
  Determining projects to restore...
  All projects are up-to-date for restore.
  Payment.Domain -> /home/jostin-alvarado/dev/ticketing_project_week0/services/payment/src/Payment.Domain/bin/Debug/net8.0/Payment.Domain.dll
  Payment.Application -> /home/jostin-alvarado/dev/ticketing_project_week0/services/payment/src/Payment.Application/bin/Debug/net8.0/Payment.Application.dll

Compilación correcta.
    0 Advertencia(s)
    0 Errores

Tiempo transcurrido 00:00:00.95
Versión de MSBuild 17.8.49+7806cbf7b para .NET
  Determining projects to restore...
  All projects are up-to-date for restore.
  Payment.Domain -> /home/jostin-alvarado/dev/ticketing_project_week0/services/payment/src/Payment.Domain/bin/Debug/net8.0/Payment.Domain.dll
  Payment.Application -> /home/jostin-alvarado/dev/ticketing_project_week0/services/payment/src/Payment.Application/bin/Debug/net8.0/Payment.Application.dll
  Payment.Infrastructure -> /home/jostin-alvarado/dev/ticketing_project_week0/services/payment/src/Payment.Infrastructure/bin/Debug/net8.0/Payment.Infrastructure.dll
  Payment.Api -> /home/jostin-alvarado/dev/ticketing_project_week0/services/payment/src/Payment.Api/bin/Debug/net8.0/Payment.Api.dll

Compilación correcta.
    0 Advertencia(s)
    0 Errores

Tiempo transcurrido 00:00:01.06
Versión de MSBuild 17.8.49+7806cbf7b para .NET
  Determining projects to restore...
  All projects are up-to-date for restore.
  Payment.Domain -> /home/jostin-alvarado/dev/ticketing_project_week0/services/payment/src/Payment.Domain/bin/Debug/net8.0/Payment.Domain.dll

Compilación correcta.
    0 Advertencia(s)
    0 Errores

Tiempo transcurrido 00:00:00.66
Versión de MSBuild 17.8.49+7806cbf7b para .NET
  Determining projects to restore...
  All projects are up-to-date for restore.
  Identity.Domain -> /home/jostin-alvarado/dev/ticketing_project_week0/services/identity/src/Identity.Domain/bin/Debug/net8.0/Identity.Domain.dll
  Identity.Application -> /home/jostin-alvarado/dev/ticketing_project_week0/services/identity/src/Identity.Application/bin/Debug/net8.0/Identity.Application.dll
  Identity.Infrastructure -> /home/jostin-alvarado/dev/ticketing_project_week0/services/identity/src/Identity.Infrastructure/bin/Debug/net8.0/Identity.Infrastructure.dll

Compilación correcta.
    0 Advertencia(s)
    0 Errores

Tiempo transcurrido 00:00:00.92
Versión de MSBuild 17.8.49+7806cbf7b para .NET
  Determining projects to restore...
  All projects are up-to-date for restore.
  Identity.Domain -> /home/jostin-alvarado/dev/ticketing_project_week0/services/identity/src/Identity.Domain/bin/Debug/net8.0/Identity.Domain.dll

Compilación correcta.
    0 Advertencia(s)
    0 Errores

Tiempo transcurrido 00:00:00.68
Versión de MSBuild 17.8.49+7806cbf7b para .NET
  Determining projects to restore...
  All projects are up-to-date for restore.
  Identity.Domain -> /home/jostin-alvarado/dev/ticketing_project_week0/services/identity/src/Identity.Domain/bin/Debug/net8.0/Identity.Domain.dll
  Identity.Application -> /home/jostin-alvarado/dev/ticketing_project_week0/services/identity/src/Identity.Application/bin/Debug/net8.0/Identity.Application.dll
  Identity.Infrastructure -> /home/jostin-alvarado/dev/ticketing_project_week0/services/identity/src/Identity.Infrastructure/bin/Debug/net8.0/Identity.Infrastructure.dll
  Identity.Api -> /home/jostin-alvarado/dev/ticketing_project_week0/services/identity/src/Identity.Api/bin/Debug/net8.0/Identity.Api.dll

Compilación correcta.
    0 Advertencia(s)
    0 Errores

Tiempo transcurrido 00:00:01.04
Versión de MSBuild 17.8.49+7806cbf7b para .NET
  Determining projects to restore...
  All projects are up-to-date for restore.
  Identity.Domain -> /home/jostin-alvarado/dev/ticketing_project_week0/services/identity/src/Identity.Domain/bin/Debug/net8.0/Identity.Domain.dll
  Identity.Application -> /home/jostin-alvarado/dev/ticketing_project_week0/services/identity/src/Identity.Application/bin/Debug/net8.0/Identity.Application.dll

Compilación correcta.
    0 Advertencia(s)
    0 Errores

Tiempo transcurrido 00:00:00.78
Versión de MSBuild 17.8.49+7806cbf7b para .NET
  Determining projects to restore...
  All projects are up-to-date for restore.
  Ordering.Domain -> /home/jostin-alvarado/dev/ticketing_project_week0/services/ordering/src/Ordering.Domain/bin/Debug/net8.0/Ordering.Domain.dll

Compilación correcta.
    0 Advertencia(s)
    0 Errores

Tiempo transcurrido 00:00:00.66
Versión de MSBuild 17.8.49+7806cbf7b para .NET
  Determining projects to restore...
  All projects are up-to-date for restore.
  Ordering.Domain -> /home/jostin-alvarado/dev/ticketing_project_week0/services/ordering/src/Ordering.Domain/bin/Debug/net8.0/Ordering.Domain.dll
  Ordering.Application -> /home/jostin-alvarado/dev/ticketing_project_week0/services/ordering/src/Ordering.Application/bin/Debug/net8.0/Ordering.Application.dll
  Ordering.Infrastructure -> /home/jostin-alvarado/dev/ticketing_project_week0/services/ordering/src/Ordering.Infrastructure/bin/Debug/net8.0/Ordering.Infrastructure.dll

Compilación correcta.
    0 Advertencia(s)
    0 Errores

Tiempo transcurrido 00:00:00.96
Versión de MSBuild 17.8.49+7806cbf7b para .NET
  Determining projects to restore...
  All projects are up-to-date for restore.
  Ordering.Domain -> /home/jostin-alvarado/dev/ticketing_project_week0/services/ordering/src/Ordering.Domain/bin/Debug/net8.0/Ordering.Domain.dll
  Ordering.Application -> /home/jostin-alvarado/dev/ticketing_project_week0/services/ordering/src/Ordering.Application/bin/Debug/net8.0/Ordering.Application.dll
  Ordering.Infrastructure -> /home/jostin-alvarado/dev/ticketing_project_week0/services/ordering/src/Ordering.Infrastructure/bin/Debug/net8.0/Ordering.Infrastructure.dll
  Ordering.Api -> /home/jostin-alvarado/dev/ticketing_project_week0/services/ordering/src/Ordering.Api/bin/Debug/net8.0/Ordering.Api.dll

Compilación correcta.
    0 Advertencia(s)
    0 Errores

Tiempo transcurrido 00:00:01.07
Versión de MSBuild 17.8.49+7806cbf7b para .NET
  Determining projects to restore...
  All projects are up-to-date for restore.
  Ordering.Domain -> /home/jostin-alvarado/dev/ticketing_project_week0/services/ordering/src/Ordering.Domain/bin/Debug/net8.0/Ordering.Domain.dll
  Ordering.Application -> /home/jostin-alvarado/dev/ticketing_project_week0/services/ordering/src/Ordering.Application/bin/Debug/net8.0/Ordering.Application.dll

Compilación correcta.
    0 Advertencia(s)
    0 Errores

Tiempo transcurrido 00:00:00.92
Versión de MSBuild 17.8.49+7806cbf7b para .NET
  Determining projects to restore...
  All projects are up-to-date for restore.
  Catalog.Domain -> /home/jostin-alvarado/dev/ticketing_project_week0/services/catalog/src/Catalog.Domain/bin/Debug/net8.0/Catalog.Domain.dll
  Catalog.Application -> /home/jostin-alvarado/dev/ticketing_project_week0/services/catalog/src/Catalog.Application/bin/Debug/net8.0/Catalog.Application.dll
  Catalog.Infrastructure -> /home/jostin-alvarado/dev/ticketing_project_week0/services/catalog/src/Catalog.Infrastructure/bin/Debug/net8.0/Catalog.Infrastructure.dll

Compilación correcta.
    0 Advertencia(s)
    0 Errores

Tiempo transcurrido 00:00:00.96
Versión de MSBuild 17.8.49+7806cbf7b para .NET
  Determining projects to restore...
  All projects are up-to-date for restore.
  Catalog.Domain -> /home/jostin-alvarado/dev/ticketing_project_week0/services/catalog/src/Catalog.Domain/bin/Debug/net8.0/Catalog.Domain.dll

Compilación correcta.
    0 Advertencia(s)
    0 Errores

Tiempo transcurrido 00:00:00.66
Versión de MSBuild 17.8.49+7806cbf7b para .NET
  Determining projects to restore...
  All projects are up-to-date for restore.
  Catalog.Domain -> /home/jostin-alvarado/dev/ticketing_project_week0/services/catalog/src/Catalog.Domain/bin/Debug/net8.0/Catalog.Domain.dll
  Catalog.Application -> /home/jostin-alvarado/dev/ticketing_project_week0/services/catalog/src/Catalog.Application/bin/Debug/net8.0/Catalog.Application.dll

Compilación correcta.
    0 Advertencia(s)
    0 Errores

Tiempo transcurrido 00:00:00.77
Versión de MSBuild 17.8.49+7806cbf7b para .NET
  Determining projects to restore...
  All projects are up-to-date for restore.
  Catalog.Domain -> /home/jostin-alvarado/dev/ticketing_project_week0/services/catalog/src/Catalog.Domain/bin/Debug/net8.0/Catalog.Domain.dll
  Catalog.Application -> /home/jostin-alvarado/dev/ticketing_project_week0/services/catalog/src/Catalog.Application/bin/Debug/net8.0/Catalog.Application.dll
  Catalog.Infrastructure -> /home/jostin-alvarado/dev/ticketing_project_week0/services/catalog/src/Catalog.Infrastructure/bin/Debug/net8.0/Catalog.Infrastructure.dll
  Catalog.Api -> /home/jostin-alvarado/dev/ticketing_project_week0/services/catalog/src/Catalog.Api/bin/Debug/net8.0/Catalog.Api.dll

Compilación correcta.
    0 Advertencia(s)
    0 Errores

Tiempo transcurrido 00:00:01.05
Versión de MSBuild 17.8.49+7806cbf7b para .NET
  Determining projects to restore...
  All projects are up-to-date for restore.
  Notification.Domain -> /home/jostin-alvarado/dev/ticketing_project_week0/services/notification/src/Notification.Domain/bin/Debug/net8.0/Notification.Domain.dll
  Notification.Application -> /home/jostin-alvarado/dev/ticketing_project_week0/services/notification/src/Notification.Application/bin/Debug/net8.0/Notification.Application.dll
  Notification.Infrastructure -> /home/jostin-alvarado/dev/ticketing_project_week0/services/notification/src/Notification.Infrastructure/bin/Debug/net8.0/Notification.Infrastructure.dll

Compilación correcta.
    0 Advertencia(s)
    0 Errores

Tiempo transcurrido 00:00:00.95
Versión de MSBuild 17.8.49+7806cbf7b para .NET
  Determining projects to restore...
  All projects are up-to-date for restore.
  Notification.Domain -> /home/jostin-alvarado/dev/ticketing_project_week0/services/notification/src/Notification.Domain/bin/Debug/net8.0/Notification.Domain.dll
  Notification.Application -> /home/jostin-alvarado/dev/ticketing_project_week0/services/notification/src/Notification.Application/bin/Debug/net8.0/Notification.Application.dll
  Notification.Infrastructure -> /home/jostin-alvarado/dev/ticketing_project_week0/services/notification/src/Notification.Infrastructure/bin/Debug/net8.0/Notification.Infrastructure.dll
  Notification.Api -> /home/jostin-alvarado/dev/ticketing_project_week0/services/notification/src/Notification.Api/bin/Debug/net8.0/Notification.Api.dll

Compilación correcta.
    0 Advertencia(s)
    0 Errores

Tiempo transcurrido 00:00:01.03
Versión de MSBuild 17.8.49+7806cbf7b para .NET
  Determining projects to restore...
  All projects are up-to-date for restore.
  Notification.Domain -> /home/jostin-alvarado/dev/ticketing_project_week0/services/notification/src/Notification.Domain/bin/Debug/net8.0/Notification.Domain.dll

Compilación correcta.
    0 Advertencia(s)
    0 Errores

Tiempo transcurrido 00:00:00.67
Versión de MSBuild 17.8.49+7806cbf7b para .NET
  Determining projects to restore...
  All projects are up-to-date for restore.
  Notification.Domain -> /home/jostin-alvarado/dev/ticketing_project_week0/services/notification/src/Notification.Domain/bin/Debug/net8.0/Notification.Domain.dll
  Notification.Application -> /home/jostin-alvarado/dev/ticketing_project_week0/services/notification/src/Notification.Application/bin/Debug/net8.0/Notification.Application.dll

Compilación correcta.
    0 Advertencia(s)
    0 Errores

Tiempo transcurrido 00:00:00.81
Versión de MSBuild 17.8.49+7806cbf7b para .NET
  Determining projects to restore...
  All projects are up-to-date for restore.
  Fulfillment.Domain -> /home/jostin-alvarado/dev/ticketing_project_week0/services/fulfillment/src/Fulfillment.Domain/bin/Debug/net8.0/Fulfillment.Domain.dll

Compilación correcta.
    0 Advertencia(s)
    0 Errores

Tiempo transcurrido 00:00:00.66
Versión de MSBuild 17.8.49+7806cbf7b para .NET
  Determining projects to restore...
  All projects are up-to-date for restore.
  Fulfillment.Domain -> /home/jostin-alvarado/dev/ticketing_project_week0/services/fulfillment/src/Fulfillment.Domain/bin/Debug/net8.0/Fulfillment.Domain.dll
  Fulfillment.Application -> /home/jostin-alvarado/dev/ticketing_project_week0/services/fulfillment/src/Fulfillment.Application/bin/Debug/net8.0/Fulfillment.Application.dll
  Fulfillment.Infrastructure -> /home/jostin-alvarado/dev/ticketing_project_week0/services/fulfillment/src/Fulfillment.Infrastructure/bin/Debug/net8.0/Fulfillment.Infrastructure.dll
  Fulfillment.Api -> /home/jostin-alvarado/dev/ticketing_project_week0/services/fulfillment/src/Fulfillment.Api/bin/Debug/net8.0/Fulfillment.Api.dll

Compilación correcta.
    0 Advertencia(s)
    0 Errores

Tiempo transcurrido 00:00:01.08
Versión de MSBuild 17.8.49+7806cbf7b para .NET
  Determining projects to restore...
  All projects are up-to-date for restore.
  Fulfillment.Domain -> /home/jostin-alvarado/dev/ticketing_project_week0/services/fulfillment/src/Fulfillment.Domain/bin/Debug/net8.0/Fulfillment.Domain.dll
  Fulfillment.Application -> /home/jostin-alvarado/dev/ticketing_project_week0/services/fulfillment/src/Fulfillment.Application/bin/Debug/net8.0/Fulfillment.Application.dll
  Fulfillment.Infrastructure -> /home/jostin-alvarado/dev/ticketing_project_week0/services/fulfillment/src/Fulfillment.Infrastructure/bin/Debug/net8.0/Fulfillment.Infrastructure.dll

Compilación correcta.
    0 Advertencia(s)
    0 Errores

Tiempo transcurrido 00:00:01.01
Versión de MSBuild 17.8.49+7806cbf7b para .NET
  Determining projects to restore...
  All projects are up-to-date for restore.
  Fulfillment.Domain -> /home/jostin-alvarado/dev/ticketing_project_week0/services/fulfillment/src/Fulfillment.Domain/bin/Debug/net8.0/Fulfillment.Domain.dll
  Fulfillment.Application -> /home/jostin-alvarado/dev/ticketing_project_week0/services/fulfillment/src/Fulfillment.Application/bin/Debug/net8.0/Fulfillment.Application.dll

Compilación correcta.
    0 Advertencia(s)
    0 Errores

Tiempo transcurrido 00:00:00.79
Versión de MSBuild 17.8.49+7806cbf7b para .NET
  Determining projects to restore...
/home/jostin-alvarado/dev/ticketing_project_week0/services/inventory/src/Inventory.Api/Inventory.Api.csproj : error NU1107: Version conflict detected for MediatR. Install/reference MediatR 12.2.0 directly to project Inventory.Api to resolve this issue. 
/home/jostin-alvarado/dev/ticketing_project_week0/services/inventory/src/Inventory.Api/Inventory.Api.csproj : error NU1107:  Inventory.Api -> Inventory.Application -> MediatR (>= 12.2.0) 
/home/jostin-alvarado/dev/ticketing_project_week0/services/inventory/src/Inventory.Api/Inventory.Api.csproj : error NU1107:  Inventory.Api -> MediatR.Extensions.Microsoft.DependencyInjection 11.1.0 -> MediatR (>= 11.0.0 && < 12.0.0).
  Failed to restore /home/jostin-alvarado/dev/ticketing_project_week0/services/inventory/src/Inventory.Api/Inventory.Api.csproj (in 221 ms).
  3 of 4 projects are up-to-date for restore.

ERROR al compilar.

/home/jostin-alvarado/dev/ticketing_project_week0/services/inventory/src/Inventory.Api/Inventory.Api.csproj : error NU1107: Version conflict detected for MediatR. Install/reference MediatR 12.2.0 directly to project Inventory.Api to resolve this issue. 
/home/jostin-alvarado/dev/ticketing_project_week0/services/inventory/src/Inventory.Api/Inventory.Api.csproj : error NU1107:  Inventory.Api -> Inventory.Application -> MediatR (>= 12.2.0) 
/home/jostin-alvarado/dev/ticketing_project_week0/services/inventory/src/Inventory.Api/Inventory.Api.csproj : error NU1107:  Inventory.Api -> MediatR.Extensions.Microsoft.DependencyInjection 11.1.0 -> MediatR (>= 11.0.0 && < 12.0.0).
    0 Advertencia(s)
    1 Errores

Tiempo transcurrido 00:00:00.87
Versión de MSBuild 17.8.49+7806cbf7b para .NET
  Determining projects to restore...
  All projects are up-to-date for restore.
  Inventory.Domain -> /home/jostin-alvarado/dev/ticketing_project_week0/services/inventory/src/Inventory.Domain/bin/Debug/net8.0/Inventory.Domain.dll
  Inventory.Infrastructure -> /home/jostin-alvarado/dev/ticketing_project_week0/services/inventory/src/Inventory.Infrastructure/bin/Debug/net8.0/Inventory.Infrastructure.dll

Compilación correcta.
    0 Advertencia(s)
    0 Errores

Tiempo transcurrido 00:00:00.85
Versión de MSBuild 17.8.49+7806cbf7b para .NET
  Determining projects to restore...
  All projects are up-to-date for restore.
  Inventory.Domain -> /home/jostin-alvarado/dev/ticketing_project_week0/services/inventory/src/Inventory.Domain/bin/Debug/net8.0/Inventory.Domain.dll

Compilación correcta.
    0 Advertencia(s)
    0 Errores

Tiempo transcurrido 00:00:00.64
Versión de MSBuild 17.8.49+7806cbf7b para .NET
  Determining projects to restore...
  All projects are up-to-date for restore.
  Inventory.Domain -> /home/jostin-alvarado/dev/ticketing_project_week0/services/inventory/src/Inventory.Domain/bin/Debug/net8.0/Inventory.Domain.dll
  Inventory.Infrastructure -> /home/jostin-alvarado/dev/ticketing_project_week0/services/inventory/src/Inventory.Infrastructure/bin/Debug/net8.0/Inventory.Infrastructure.dll
  Inventory.Application -> /home/jostin-alvarado/dev/ticketing_project_week0/services/inventory/src/Inventory.Application/bin/Debug/net8.0/Inventory.Application.dll

Compilación correcta.
    0 Advertencia(s)
    0 Errores

Tiempo transcurrido 00:00:00.97
